// Jest Snapshot v1, https://goo.gl/fbAQLP

exports[`Header should match with snapshot 1`] = `
"<header className=\\"header\\">
  <div className=\\"header-content wrap\\">
    <Link className=\\"brand\\" to=\\"/\\" replace={false}>
      Todo List
    </Link>
    <Button variant=\\"secondary\\" size=\\"small\\" onClick={[Function]} classList=\\"create-task\\" type=\\"button\\">
      Create Task
    </Button>
  </div>
</header>"
`;
